build	Set up job	﻿2026-02-28T15:13:22.0229457Z Current runner version: '2.331.0'
build	Set up job	2026-02-28T15:13:22.0302940Z ##[group]Runner Image Provisioner
build	Set up job	2026-02-28T15:13:22.0304164Z Hosted Compute Agent
build	Set up job	2026-02-28T15:13:22.0305104Z Version: 20260213.493
build	Set up job	2026-02-28T15:13:22.0306226Z Commit: 5c115507f6dd24b8de37d8bbe0bb4509d0cc0fa3
build	Set up job	2026-02-28T15:13:22.0307302Z Build Date: 2026-02-13T00:28:41Z
build	Set up job	2026-02-28T15:13:22.0308405Z Worker ID: {17c4c61e-7861-4890-9d39-0a94b765bf61}
build	Set up job	2026-02-28T15:13:22.0309509Z Azure Region: eastus2
build	Set up job	2026-02-28T15:13:22.0310545Z ##[endgroup]
build	Set up job	2026-02-28T15:13:22.0331539Z ##[group]Operating System
build	Set up job	2026-02-28T15:13:22.0332795Z Ubuntu
build	Set up job	2026-02-28T15:13:22.0333575Z 24.04.3
build	Set up job	2026-02-28T15:13:22.0334328Z LTS
build	Set up job	2026-02-28T15:13:22.0335171Z ##[endgroup]
build	Set up job	2026-02-28T15:13:22.0335998Z ##[group]Runner Image
build	Set up job	2026-02-28T15:13:22.0336902Z Image: ubuntu-24.04
build	Set up job	2026-02-28T15:13:22.0337855Z Version: 20260224.36.1
build	Set up job	2026-02-28T15:13:22.0339656Z Included Software: https://github.com/actions/runner-images/blob/ubuntu24/20260224.36/images/ubuntu/Ubuntu2404-Readme.md
build	Set up job	2026-02-28T15:13:22.0343139Z Image Release: https://github.com/actions/runner-images/releases/tag/ubuntu24%2F20260224.36
build	Set up job	2026-02-28T15:13:22.0344677Z ##[endgroup]
build	Set up job	2026-02-28T15:13:22.0346596Z ##[group]GITHUB_TOKEN Permissions
build	Set up job	2026-02-28T15:13:22.0349233Z Contents: read
build	Set up job	2026-02-28T15:13:22.0370698Z Metadata: read
build	Set up job	2026-02-28T15:13:22.0371703Z Packages: read
build	Set up job	2026-02-28T15:13:22.0372641Z ##[endgroup]
build	Set up job	2026-02-28T15:13:22.0375901Z Secret source: Actions
build	Set up job	2026-02-28T15:13:22.0377193Z Prepare workflow directory
build	Set up job	2026-02-28T15:13:22.1314099Z Prepare all required actions
build	Set up job	2026-02-28T15:13:22.1431907Z Getting action download info
build	Set up job	2026-02-28T15:13:22.4518147Z Download action repository 'actions/checkout@v4' (SHA:34e114876b0b11c390a56381ad16ebd13914f8d5)
build	Set up job	2026-02-28T15:13:22.6042501Z Download action repository 'actions/setup-java@v4' (SHA:c1e323688fd81a25caa38c78aa6df2d33d3e20d9)
build	Set up job	2026-02-28T15:13:23.1283664Z Download action repository 'actions/upload-artifact@v4' (SHA:ea165f8d65b6e75b540449e92b4886f43607fa02)
build	Set up job	2026-02-28T15:13:23.3924590Z Complete job name: build
build	Run actions/checkout@v4	﻿2026-02-28T15:13:23.4727336Z ##[group]Run actions/checkout@v4
build	Run actions/checkout@v4	2026-02-28T15:13:23.4728573Z with:
build	Run actions/checkout@v4	2026-02-28T15:13:23.4729287Z   repository: sinanalizz123-max/SmartDL
build	Run actions/checkout@v4	2026-02-28T15:13:23.4730641Z   token: ***
build	Run actions/checkout@v4	2026-02-28T15:13:23.4731303Z   ssh-strict: true
build	Run actions/checkout@v4	2026-02-28T15:13:23.4731972Z   ssh-user: git
build	Run actions/checkout@v4	2026-02-28T15:13:23.4732660Z   persist-credentials: true
build	Run actions/checkout@v4	2026-02-28T15:13:23.4733462Z   clean: true
build	Run actions/checkout@v4	2026-02-28T15:13:23.4734168Z   sparse-checkout-cone-mode: true
build	Run actions/checkout@v4	2026-02-28T15:13:23.4735034Z   fetch-depth: 1
build	Run actions/checkout@v4	2026-02-28T15:13:23.4735705Z   fetch-tags: false
build	Run actions/checkout@v4	2026-02-28T15:13:23.4736412Z   show-progress: true
build	Run actions/checkout@v4	2026-02-28T15:13:23.4737116Z   lfs: false
build	Run actions/checkout@v4	2026-02-28T15:13:23.4737771Z   submodules: false
build	Run actions/checkout@v4	2026-02-28T15:13:23.4738476Z   set-safe-directory: true
build	Run actions/checkout@v4	2026-02-28T15:13:23.4739511Z ##[endgroup]
build	Run actions/checkout@v4	2026-02-28T15:13:23.5936306Z Syncing repository: sinanalizz123-max/SmartDL
build	Run actions/checkout@v4	2026-02-28T15:13:23.5940156Z ##[group]Getting Git version info
build	Run actions/checkout@v4	2026-02-28T15:13:23.5942186Z Working directory is '/home/runner/work/SmartDL/SmartDL'
build	Run actions/checkout@v4	2026-02-28T15:13:23.5945205Z [command]/usr/bin/git version
build	Run actions/checkout@v4	2026-02-28T15:13:23.6028903Z git version 2.53.0
build	Run actions/checkout@v4	2026-02-28T15:13:23.6065548Z ##[endgroup]
build	Run actions/checkout@v4	2026-02-28T15:13:23.6084166Z Temporarily overriding HOME='/home/runner/work/_temp/0aef6b5b-cb17-4695-ab0f-b58add7f5fae' before making global git config changes
build	Run actions/checkout@v4	2026-02-28T15:13:23.6098934Z Adding repository directory to the temporary git global config as a safe directory
build	Run actions/checkout@v4	2026-02-28T15:13:23.6104294Z [command]/usr/bin/git config --global --add safe.directory /home/runner/work/SmartDL/SmartDL
build	Run actions/checkout@v4	2026-02-28T15:13:23.6148481Z Deleting the contents of '/home/runner/work/SmartDL/SmartDL'
build	Run actions/checkout@v4	2026-02-28T15:13:23.6155298Z ##[group]Initializing the repository
build	Run actions/checkout@v4	2026-02-28T15:13:23.6160860Z [command]/usr/bin/git init /home/runner/work/SmartDL/SmartDL
build	Run actions/checkout@v4	2026-02-28T15:13:23.6280090Z hint: Using 'master' as the name for the initial branch. This default branch name
build	Run actions/checkout@v4	2026-02-28T15:13:23.6283370Z hint: will change to "main" in Git 3.0. To configure the initial branch name
build	Run actions/checkout@v4	2026-02-28T15:13:23.6286582Z hint: to use in all of your new repositories, which will suppress this warning,
build	Run actions/checkout@v4	2026-02-28T15:13:23.6288938Z hint: call:
build	Run actions/checkout@v4	2026-02-28T15:13:23.6290216Z hint:
build	Run actions/checkout@v4	2026-02-28T15:13:23.6291632Z hint: 	git config --global init.defaultBranch <name>
build	Run actions/checkout@v4	2026-02-28T15:13:23.6293554Z hint:
build	Run actions/checkout@v4	2026-02-28T15:13:23.6295392Z hint: Names commonly chosen instead of 'master' are 'main', 'trunk' and
build	Run actions/checkout@v4	2026-02-28T15:13:23.6298559Z hint: 'development'. The just-created branch can be renamed via this command:
build	Run actions/checkout@v4	2026-02-28T15:13:23.6301366Z hint:
build	Run actions/checkout@v4	2026-02-28T15:13:23.6302487Z hint: 	git branch -m <name>
build	Run actions/checkout@v4	2026-02-28T15:13:23.6303783Z hint:
build	Run actions/checkout@v4	2026-02-28T15:13:23.6305596Z hint: Disable this message with "git config set advice.defaultBranchName false"
build	Run actions/checkout@v4	2026-02-28T15:13:23.6308898Z Initialized empty Git repository in /home/runner/work/SmartDL/SmartDL/.git/
build	Run actions/checkout@v4	2026-02-28T15:13:23.6314055Z [command]/usr/bin/git remote add origin https://github.com/sinanalizz123-max/SmartDL
build	Run actions/checkout@v4	2026-02-28T15:13:23.6361849Z ##[endgroup]
build	Run actions/checkout@v4	2026-02-28T15:13:23.6364114Z ##[group]Disabling automatic garbage collection
build	Run actions/checkout@v4	2026-02-28T15:13:23.6366132Z [command]/usr/bin/git config --local gc.auto 0
build	Run actions/checkout@v4	2026-02-28T15:13:23.6399072Z ##[endgroup]
build	Run actions/checkout@v4	2026-02-28T15:13:23.6401404Z ##[group]Setting up auth
build	Run actions/checkout@v4	2026-02-28T15:13:23.6410284Z [command]/usr/bin/git config --local --name-only --get-regexp core\.sshCommand
build	Run actions/checkout@v4	2026-02-28T15:13:23.6447371Z [command]/usr/bin/git submodule foreach --recursive sh -c "git config --local --name-only --get-regexp 'core\.sshCommand' && git config --local --unset-all 'core.sshCommand' || :"
build	Run actions/checkout@v4	2026-02-28T15:13:23.6835426Z [command]/usr/bin/git config --local --name-only --get-regexp http\.https\:\/\/github\.com\/\.extraheader
build	Run actions/checkout@v4	2026-02-28T15:13:23.6875493Z [command]/usr/bin/git submodule foreach --recursive sh -c "git config --local --name-only --get-regexp 'http\.https\:\/\/github\.com\/\.extraheader' && git config --local --unset-all 'http.https://github.com/.extraheader' || :"
build	Run actions/checkout@v4	2026-02-28T15:13:23.7127104Z [command]/usr/bin/git config --local --name-only --get-regexp ^includeIf\.gitdir:
build	Run actions/checkout@v4	2026-02-28T15:13:23.7175282Z [command]/usr/bin/git submodule foreach --recursive git config --local --show-origin --name-only --get-regexp remote.origin.url
build	Run actions/checkout@v4	2026-02-28T15:13:23.7433372Z [command]/usr/bin/git config --local http.https://github.com/.extraheader AUTHORIZATION: basic ***
build	Run actions/checkout@v4	2026-02-28T15:13:23.7473887Z ##[endgroup]
build	Run actions/checkout@v4	2026-02-28T15:13:23.7476859Z ##[group]Fetching the repository
build	Run actions/checkout@v4	2026-02-28T15:13:23.7486192Z [command]/usr/bin/git -c protocol.version=2 fetch --no-tags --prune --no-recurse-submodules --depth=1 origin +ffb9a1200003f146fed0f01a13d3deaff8eb183c:refs/remotes/origin/main
build	Run actions/checkout@v4	2026-02-28T15:13:24.0001132Z From https://github.com/sinanalizz123-max/SmartDL
build	Run actions/checkout@v4	2026-02-28T15:13:24.0005926Z  * [new ref]         ffb9a1200003f146fed0f01a13d3deaff8eb183c -> origin/main
build	Run actions/checkout@v4	2026-02-28T15:13:24.0069457Z ##[endgroup]
build	Run actions/checkout@v4	2026-02-28T15:13:24.0072726Z ##[group]Determining the checkout info
build	Run actions/checkout@v4	2026-02-28T15:13:24.0075775Z ##[endgroup]
build	Run actions/checkout@v4	2026-02-28T15:13:24.0084910Z [command]/usr/bin/git sparse-checkout disable
build	Run actions/checkout@v4	2026-02-28T15:13:24.0167498Z [command]/usr/bin/git config --local --unset-all extensions.worktreeConfig
build	Run actions/checkout@v4	2026-02-28T15:13:24.0225429Z ##[group]Checking out the ref
build	Run actions/checkout@v4	2026-02-28T15:13:24.0236475Z [command]/usr/bin/git checkout --progress --force -B main refs/remotes/origin/main
build	Run actions/checkout@v4	2026-02-28T15:13:24.0384841Z Switched to a new branch 'main'
build	Run actions/checkout@v4	2026-02-28T15:13:24.0390678Z branch 'main' set up to track 'origin/main'.
build	Run actions/checkout@v4	2026-02-28T15:13:24.0417766Z ##[endgroup]
build	Run actions/checkout@v4	2026-02-28T15:13:24.0472970Z [command]/usr/bin/git log -1 --format=%H
build	Run actions/checkout@v4	2026-02-28T15:13:24.0502032Z ffb9a1200003f146fed0f01a13d3deaff8eb183c
build	Set up JDK 17	﻿2026-02-28T15:13:24.0976414Z ##[group]Run actions/setup-java@v4
build	Set up JDK 17	2026-02-28T15:13:24.0977393Z with:
build	Set up JDK 17	2026-02-28T15:13:24.0978080Z   distribution: temurin
build	Set up JDK 17	2026-02-28T15:13:24.0978866Z   java-version: 17
build	Set up JDK 17	2026-02-28T15:13:24.0979596Z   java-package: jdk
build	Set up JDK 17	2026-02-28T15:13:24.0980750Z   check-latest: false
build	Set up JDK 17	2026-02-28T15:13:24.0981564Z   server-id: github
build	Set up JDK 17	2026-02-28T15:13:24.0982365Z   server-username: GITHUB_ACTOR
build	Set up JDK 17	2026-02-28T15:13:24.0983521Z   server-password: GITHUB_TOKEN
build	Set up JDK 17	2026-02-28T15:13:24.0984474Z   overwrite-settings: true
build	Set up JDK 17	2026-02-28T15:13:24.0985345Z   job-status: success
build	Set up JDK 17	2026-02-28T15:13:24.0986392Z   token: ***
build	Set up JDK 17	2026-02-28T15:13:24.0987094Z ##[endgroup]
build	Set up JDK 17	2026-02-28T15:13:24.3427256Z ##[group]Installed distributions
build	Set up JDK 17	2026-02-28T15:13:24.3566263Z Resolved Java 17.0.18+8 from tool-cache
build	Set up JDK 17	2026-02-28T15:13:24.3570083Z Setting Java 17.0.18+8 as the default
build	Set up JDK 17	2026-02-28T15:13:24.3591359Z Creating toolchains.xml for JDK version 17 from temurin
build	Set up JDK 17	2026-02-28T15:13:24.3669623Z Writing to /home/runner/.m2/toolchains.xml
build	Set up JDK 17	2026-02-28T15:13:24.3673057Z 
build	Set up JDK 17	2026-02-28T15:13:24.3673712Z Java configuration:
build	Set up JDK 17	2026-02-28T15:13:24.3675949Z   Distribution: temurin
build	Set up JDK 17	2026-02-28T15:13:24.3677446Z   Version: 17.0.18+8
build	Set up JDK 17	2026-02-28T15:13:24.3679317Z   Path: /opt/hostedtoolcache/Java_Temurin-Hotspot_jdk/17.0.18-8/x64
build	Set up JDK 17	2026-02-28T15:13:24.3681223Z 
build	Set up JDK 17	2026-02-28T15:13:24.3682630Z ##[endgroup]
build	Set up JDK 17	2026-02-28T15:13:24.3700892Z Creating settings.xml with server-id: github
build	Set up JDK 17	2026-02-28T15:13:24.3702740Z Writing to /home/runner/.m2/settings.xml
build	Build Debug APK	﻿2026-02-28T15:13:24.3835014Z ##[group]Run ./gradlew :app:assembleDebug
build	Build Debug APK	2026-02-28T15:13:24.3836159Z [36;1m./gradlew :app:assembleDebug[0m
build	Build Debug APK	2026-02-28T15:13:24.3892157Z shell: /usr/bin/bash -e {0}
build	Build Debug APK	2026-02-28T15:13:24.3893027Z env:
build	Build Debug APK	2026-02-28T15:13:24.3894052Z   JAVA_HOME: /opt/hostedtoolcache/Java_Temurin-Hotspot_jdk/17.0.18-8/x64
build	Build Debug APK	2026-02-28T15:13:24.3895718Z   JAVA_HOME_17_X64: /opt/hostedtoolcache/Java_Temurin-Hotspot_jdk/17.0.18-8/x64
build	Build Debug APK	2026-02-28T15:13:24.3958288Z ##[endgroup]
build	Build Debug APK	2026-02-28T15:13:24.7216938Z Downloading https://services.gradle.org/distributions/gradle-8.6-bin.zip
build	Build Debug APK	2026-02-28T15:13:27.3619447Z ............10%.............20%............30%.............40%.............50%............60%.............70%.............80%............90%.............100%
build	Build Debug APK	2026-02-28T15:13:28.7058699Z 
build	Build Debug APK	2026-02-28T15:13:28.7081094Z Welcome to Gradle 8.6!
build	Build Debug APK	2026-02-28T15:13:28.7100398Z 
build	Build Debug APK	2026-02-28T15:13:28.7101312Z Here are the highlights of this release:
build	Build Debug APK	2026-02-28T15:13:28.7102306Z  - Configurable encryption key for configuration cache
build	Build Debug APK	2026-02-28T15:13:28.7103057Z  - Build init improvements
build	Build Debug APK	2026-02-28T15:13:28.7103655Z  - Build authoring improvements
build	Build Debug APK	2026-02-28T15:13:28.7104000Z 
build	Build Debug APK	2026-02-28T15:13:28.7104392Z For more details see https://docs.gradle.org/8.6/release-notes.html
build	Build Debug APK	2026-02-28T15:13:28.7104953Z 
build	Build Debug APK	2026-02-28T15:13:28.9081065Z Starting a Gradle Daemon (subsequent builds will be faster)
build	Build Debug APK	2026-02-28T15:14:46.6106762Z > Task :app:preBuild UP-TO-DATE
build	Build Debug APK	2026-02-28T15:14:46.6111244Z > Task :app:preDebugBuild UP-TO-DATE
build	Build Debug APK	2026-02-28T15:14:46.6124366Z > Task :app:mergeDebugNativeDebugMetadata NO-SOURCE
build	Build Debug APK	2026-02-28T15:14:46.6125728Z > Task :app:checkKotlinGradlePluginConfigurationErrors
build	Build Debug APK	2026-02-28T15:14:54.7048721Z > Task :app:dataBindingMergeDependencyArtifactsDebug
build	Build Debug APK	2026-02-28T15:14:54.7092839Z > Task :app:generateDebugResValues
build	Build Debug APK	2026-02-28T15:14:54.7094122Z > Task :app:generateDebugResources
build	Build Debug APK	2026-02-28T15:14:57.0057713Z > Task :app:packageDebugResources
build	Build Debug APK	2026-02-28T15:14:58.9047807Z > Task :app:parseDebugLocalResources
build	Build Debug APK	2026-02-28T15:14:59.1050515Z > Task :app:checkDebugAarMetadata
build	Build Debug APK	2026-02-28T15:14:59.2053241Z > Task :app:mapDebugSourceSetPaths
build	Build Debug APK	2026-02-28T15:14:59.2054469Z > Task :app:mergeDebugResources
build	Build Debug APK	2026-02-28T15:14:59.2061172Z > Task :app:createDebugCompatibleScreenManifests
build	Build Debug APK	2026-02-28T15:14:59.7083202Z > Task :app:dataBindingGenBaseClassesDebug
build	Build Debug APK	2026-02-28T15:14:59.7088249Z > Task :app:extractDeepLinksDebug
build	Build Debug APK	2026-02-28T15:15:00.0071379Z > Task :app:processDebugMainManifest
build	Build Debug APK	2026-02-28T15:15:00.2048757Z > Task :app:processDebugManifest
build	Build Debug APK	2026-02-28T15:15:03.6061664Z > Task :app:processDebugManifestForPackage
build	Build Debug APK	2026-02-28T15:15:03.6084023Z > Task :app:javaPreCompileDebug
build	Build Debug APK	2026-02-28T15:15:04.9052232Z > Task :app:mergeDebugShaders
build	Build Debug APK	2026-02-28T15:15:04.9057806Z > Task :app:compileDebugShaders NO-SOURCE
build	Build Debug APK	2026-02-28T15:15:04.9058972Z > Task :app:generateDebugAssets UP-TO-DATE
build	Build Debug APK	2026-02-28T15:15:05.1077450Z > Task :app:mergeDebugAssets
build	Build Debug APK	2026-02-28T15:15:05.1095899Z > Task :app:compressDebugAssets
build	Build Debug APK	2026-02-28T15:15:05.1097211Z > Task :app:desugarDebugFileDependencies
build	Build Debug APK	2026-02-28T15:15:06.6062805Z > Task :app:processDebugResources
build	Build Debug APK	2026-02-28T15:15:06.6063783Z > Task :app:checkDebugDuplicateClasses
build	Build Debug APK	2026-02-28T15:15:13.6063010Z > Task :app:mergeDebugStartupProfile
build	Build Debug APK	2026-02-28T15:15:36.6048153Z > Task :app:kspDebugKotlin
build	Build Debug APK	2026-02-28T15:15:43.6049573Z > Task :app:mergeExtDexDebug
build	Build Debug APK	2026-02-28T15:16:06.3049221Z > Task :app:mergeLibDexDebug
build	Build Debug APK	2026-02-28T15:16:06.4068590Z > Task :app:mergeDebugJniLibFolders
build	Build Debug APK	2026-02-28T15:16:06.6091501Z > Task :app:mergeDebugNativeLibs NO-SOURCE
build	Build Debug APK	2026-02-28T15:16:06.6092714Z > Task :app:stripDebugDebugSymbols NO-SOURCE
build	Build Debug APK	2026-02-28T15:16:09.3049310Z > Task :app:validateSigningDebug
build	Build Debug APK	2026-02-28T15:16:09.3050490Z > Task :app:writeDebugAppMetadata
build	Build Debug APK	2026-02-28T15:16:09.3055701Z > Task :app:writeDebugSigningConfigVersions
build	Build Debug APK	2026-02-28T15:16:16.5053989Z 
build	Build Debug APK	2026-02-28T15:16:16.5054492Z > Task :app:compileDebugKotlin FAILED
build	Build Debug APK	2026-02-28T15:16:16.5067191Z e: file:///home/runner/work/SmartDL/SmartDL/app/src/main/java/com/example/smartdl/data/repository/DownloadRepositoryImpl.kt:302:13 Suspend function 'updateTempPath' should be called only from a coroutine or another suspend function
build	Build Debug APK	2026-02-28T15:16:16.5095426Z e: file:///home/runner/work/SmartDL/SmartDL/app/src/main/java/com/example/smartdl/data/source/ParallelDownloader.kt:63:70 Using 'of(Map<String, String>): Headers' is an error. function moved to extension
build	Build Debug APK	2026-02-28T15:16:16.5098261Z e: file:///home/runner/work/SmartDL/SmartDL/app/src/main/java/com/example/smartdl/data/source/ParallelDownloader.kt:86:30 Using 'of(Map<String, String>): Headers' is an error. function moved to extension
build	Build Debug APK	2026-02-28T15:16:16.5101643Z e: file:///home/runner/work/SmartDL/SmartDL/app/src/main/java/com/example/smartdl/data/source/ParallelDownloader.kt:177:81 Using 'of(Map<String, String>): Headers' is an error. function moved to extension
build	Build Debug APK	2026-02-28T15:16:16.7046858Z 
build	Build Debug APK	2026-02-28T15:16:16.7056785Z FAILURE: Build failed with an exception.
build	Build Debug APK	2026-02-28T15:16:16.7070936Z 31 actionable tasks: 31 executed
build	Build Debug APK	2026-02-28T15:16:16.7075620Z 
build	Build Debug APK	2026-02-28T15:16:16.7079987Z * What went wrong:
build	Build Debug APK	2026-02-28T15:16:16.7084331Z Execution failed for task ':app:compileDebugKotlin'.
build	Build Debug APK	2026-02-28T15:16:16.7091608Z > A failure occurred while executing org.jetbrains.kotlin.compilerRunner.GradleCompilerRunnerWithWorkers$GradleKotlinCompilerWorkAction
build	Build Debug APK	2026-02-28T15:16:16.7096821Z    > Compilation error. See log for more details
build	Build Debug APK	2026-02-28T15:16:16.7097399Z 
build	Build Debug APK	2026-02-28T15:16:16.7100198Z * Try:
build	Build Debug APK	2026-02-28T15:16:16.7100882Z > Run with --stacktrace option to get the stack trace.
build	Build Debug APK	2026-02-28T15:16:16.7104845Z > Run with --info or --debug option to get more log output.
build	Build Debug APK	2026-02-28T15:16:16.7105825Z > Run with --scan to get full insights.
build	Build Debug APK	2026-02-28T15:16:16.7106912Z > Get more help at https://help.gradle.org.
build	Build Debug APK	2026-02-28T15:16:16.7107413Z 
build	Build Debug APK	2026-02-28T15:16:16.7110507Z BUILD FAILED in 2m 52s
build	Build Debug APK	2026-02-28T15:16:17.1752487Z ##[error]Process completed with exit code 1.
build	Post Set up JDK 17	﻿2026-02-28T15:16:17.1878289Z Post job cleanup.
build	Post Run actions/checkout@v4	﻿2026-02-28T15:16:17.3696436Z Post job cleanup.
build	Post Run actions/checkout@v4	2026-02-28T15:16:17.5170165Z [command]/usr/bin/git version
build	Post Run actions/checkout@v4	2026-02-28T15:16:17.5224304Z git version 2.53.0
build	Post Run actions/checkout@v4	2026-02-28T15:16:17.5273741Z Temporarily overriding HOME='/home/runner/work/_temp/5c6f60ac-ba9d-4d66-bde2-cadd6f839b9f' before making global git config changes
build	Post Run actions/checkout@v4	2026-02-28T15:16:17.5275480Z Adding repository directory to the temporary git global config as a safe directory
build	Post Run actions/checkout@v4	2026-02-28T15:16:17.5281442Z [command]/usr/bin/git config --global --add safe.directory /home/runner/work/SmartDL/SmartDL
build	Post Run actions/checkout@v4	2026-02-28T15:16:17.5352513Z [command]/usr/bin/git config --local --name-only --get-regexp core\.sshCommand
build	Post Run actions/checkout@v4	2026-02-28T15:16:17.5401783Z [command]/usr/bin/git submodule foreach --recursive sh -c "git config --local --name-only --get-regexp 'core\.sshCommand' && git config --local --unset-all 'core.sshCommand' || :"
build	Post Run actions/checkout@v4	2026-02-28T15:16:17.5732966Z [command]/usr/bin/git config --local --name-only --get-regexp http\.https\:\/\/github\.com\/\.extraheader
build	Post Run actions/checkout@v4	2026-02-28T15:16:17.5766581Z http.https://github.com/.extraheader
build	Post Run actions/checkout@v4	2026-02-28T15:16:17.5781593Z [command]/usr/bin/git config --local --unset-all http.https://github.com/.extraheader
build	Post Run actions/checkout@v4	2026-02-28T15:16:17.5818334Z [command]/usr/bin/git submodule foreach --recursive sh -c "git config --local --name-only --get-regexp 'http\.https\:\/\/github\.com\/\.extraheader' && git config --local --unset-all 'http.https://github.com/.extraheader' || :"
build	Post Run actions/checkout@v4	2026-02-28T15:16:17.6074491Z [command]/usr/bin/git config --local --name-only --get-regexp ^includeIf\.gitdir:
build	Post Run actions/checkout@v4	2026-02-28T15:16:17.6111029Z [command]/usr/bin/git submodule foreach --recursive git config --local --show-origin --name-only --get-regexp remote.origin.url
build	Complete job	﻿2026-02-28T15:16:17.6483605Z Cleaning up orphan processes
build	Complete job	2026-02-28T15:16:17.6771111Z Terminate orphan process: pid (2119) (java)
build	Complete job	2026-02-28T15:16:17.6803926Z Terminate orphan process: pid (2222) (java)
